  Determining projects to restore...
  All projects are up-to-date for restore.
  ECommerce.Core -> c:\Users\User\Documents\Personal\Ecommarce\backend\src\ECommerce.Core\bin\Debug\net8.0\ECommerce.Core.dll
  ECommerce.Infrastructure -> c:\Users\User\Documents\Personal\Ecommarce\backend\src\ECommerce.Infrastructure\bin\Debug\net8.0\ECommerce.Infrastructure.dll
C:\Program Files\dotnet\sdk\10.0.103\Microsoft.Common.CurrentVersion.targets(5080,5): warning MSB3026: Could not copy "c:\Users\User\Documents\Personal\Ecommarce\backend\src\ECommerce.Infrastructure\bin\Debug\net8.0\ECommerce.Infrastructure.dll" to "bin\Debug\net8.0\ECommerce.Infrastructure.dll". Beginning retry 1 in 1000ms. The process cannot access the file 'c:\Users\User\Documents\Personal\Ecommarce\backend\src\ECommerce.API\bin\Debug\net8.0\ECommerce.Infrastructure.dll' because it is being used by another process. The file is locked by: "Microsoft Visual Studio (16944), ECommerce.API (11944)" [c:\Users\User\Documents\Personal\Ecommarce\backend\src\ECommerce.API\ECommerce.API.csproj]
C:\Program Files\dotnet\sdk\10.0.103\Microsoft.Common.CurrentVersion.targets(5080,5): warning MSB3026: Could not copy "c:\Users\User\Documents\Personal\Ecommarce\backend\src\ECommerce.Core\bin\Debug\net8.0\ECommerce.Core.dll" to "bin\Debug\net8.0\ECommerce.Core.dll". Beginning retry 1 in 1000ms. The process cannot access the file 'c:\Users\User\Documents\Personal\Ecommarce\backend\src\ECommerce.API\bin\Debug\net8.0\ECommerce.Core.dll' because it is being used by another process. The file is locked by: "Microsoft Visual Studio (16944), ECommerce.API (11944)" [c:\Users\User\Documents\Personal\Ecommarce\backend\src\ECommerce.API\ECommerce.API.csproj]
C:\Program Files\dotnet\sdk\10.0.103\Microsoft.Common.CurrentVersion.targets(5080,5): warning MSB3026: Could not copy "c:\Users\User\Documents\Personal\Ecommarce\backend\src\ECommerce.Infrastructure\bin\Debug\net8.0\ECommerce.Infrastructure.dll" to "bin\Debug\net8.0\ECommerce.Infrastructure.dll". Beginning retry 2 in 1000ms. The process cannot access the file 'c:\Users\User\Documents\Personal\Ecommarce\backend\src\ECommerce.API\bin\Debug\net8.0\ECommerce.Infrastructure.dll' because it is being used by another process. The file is locked by: "Microsoft Visual Studio (16944), ECommerce.API (11944)" [c:\Users\User\Documents\Personal\Ecommarce\backend\src\ECommerce.API\ECommerce.API.csproj]
C:\Program Files\dotnet\sdk\10.0.103\Microsoft.Common.CurrentVersion.targets(5080,5): warning MSB3026: Could not copy "c:\Users\User\Documents\Personal\Ecommarce\backend\src\ECommerce.Core\bin\Debug\net8.0\ECommerce.Core.dll" to "bin\Debug\net8.0\ECommerce.Core.dll". Beginning retry 2 in 1000ms. The process cannot access the file 'c:\Users\User\Documents\Personal\Ecommarce\backend\src\ECommerce.API\bin\Debug\net8.0\ECommerce.Core.dll' because it is being used by another process. The file is locked by: "Microsoft Visual Studio (16944), ECommerce.API (11944)" [c:\Users\User\Documents\Personal\Ecommarce\backend\src\ECommerce.API\ECommerce.API.csproj]
C:\Program Files\dotnet\sdk\10.0.103\Microsoft.Common.CurrentVersion.targets(5080,5): warning MSB3026: Could not copy "c:\Users\User\Documents\Personal\Ecommarce\backend\src\ECommerce.Core\bin\Debug\net8.0\ECommerce.Core.dll" to "bin\Debug\net8.0\ECommerce.Core.dll". Beginning retry 3 in 1000ms. The process cannot access the file 'c:\Users\User\Documents\Personal\Ecommarce\backend\src\ECommerce.API\bin\Debug\net8.0\ECommerce.Core.dll' because it is being used by another process. The file is locked by: "Microsoft Visual Studio (16944), ECommerce.API (11944)" [c:\Users\User\Documents\Personal\Ecommarce\backend\src\ECommerce.API\ECommerce.API.csproj]
C:\Program Files\dotnet\sdk\10.0.103\Microsoft.Common.CurrentVersion.targets(5080,5): warning MSB3026: Could not copy "c:\Users\User\Documents\Personal\Ecommarce\backend\src\ECommerce.Infrastructure\bin\Debug\net8.0\ECommerce.Infrastructure.dll" to "bin\Debug\net8.0\ECommerce.Infrastructure.dll". Beginning retry 3 in 1000ms. The process cannot access the file 'c:\Users\User\Documents\Personal\Ecommarce\backend\src\ECommerce.API\bin\Debug\net8.0\ECommerce.Infrastructure.dll' because it is being used by another process. The file is locked by: "Microsoft Visual Studio (16944), ECommerce.API (11944)" [c:\Users\User\Documents\Personal\Ecommarce\backend\src\ECommerce.API\ECommerce.API.csproj]
C:\Program Files\dotnet\sdk\10.0.103\Microsoft.Common.CurrentVersion.targets(5080,5): warning MSB3026: Could not copy "c:\Users\User\Documents\Personal\Ecommarce\backend\src\ECommerce.Infrastructure\bin\Debug\net8.0\ECommerce.Infrastructure.dll" to "bin\Debug\net8.0\ECommerce.Infrastructure.dll". Beginning retry 4 in 1000ms. The process cannot access the file 'c:\Users\User\Documents\Personal\Ecommarce\backend\src\ECommerce.API\bin\Debug\net8.0\ECommerce.Infrastructure.dll' because it is being used by another process. The file is locked by: "Microsoft Visual Studio (16944), ECommerce.API (11944)" [c:\Users\User\Documents\Personal\Ecommarce\backend\src\ECommerce.API\ECommerce.API.csproj]
C:\Program Files\dotnet\sdk\10.0.103\Microsoft.Common.CurrentVersion.targets(5080,5): warning MSB3026: Could not copy "c:\Users\User\Documents\Personal\Ecommarce\backend\src\ECommerce.Core\bin\Debug\net8.0\ECommerce.Core.dll" to "bin\Debug\net8.0\ECommerce.Core.dll". Beginning retry 4 in 1000ms. The process cannot access the file 'c:\Users\User\Documents\Personal\Ecommarce\backend\src\ECommerce.API\bin\Debug\net8.0\ECommerce.Core.dll' because it is being used by another process. The file is locked by: "Microsoft Visual Studio (16944), ECommerce.API (11944)" [c:\Users\User\Documents\Personal\Ecommarce\backend\src\ECommerce.API\ECommerce.API.csproj]
C:\Program Files\dotnet\sdk\10.0.103\Microsoft.Common.CurrentVersion.targets(5080,5): warning MSB3026: Could not copy "c:\Users\User\Documents\Personal\Ecommarce\backend\src\ECommerce.Core\bin\Debug\net8.0\ECommerce.Core.dll" to "bin\Debug\net8.0\ECommerce.Core.dll". Beginning retry 5 in 1000ms. The process cannot access the file 'c:\Users\User\Documents\Personal\Ecommarce\backend\src\ECommerce.API\bin\Debug\net8.0\ECommerce.Core.dll' because it is being used by another process. The file is locked by: "Microsoft Visual Studio (16944), ECommerce.API (11944)" [c:\Users\User\Documents\Personal\Ecommarce\backend\src\ECommerce.API\ECommerce.API.csproj]
C:\Program Files\dotnet\sdk\10.0.103\Microsoft.Common.CurrentVersion.targets(5080,5): warning MSB3026: Could not copy "c:\Users\User\Documents\Personal\Ecommarce\backend\src\ECommerce.Infrastructure\bin\Debug\net8.0\ECommerce.Infrastructure.dll" to "bin\Debug\net8.0\ECommerce.Infrastructure.dll". Beginning retry 5 in 1000ms. The process cannot access the file 'c:\Users\User\Documents\Personal\Ecommarce\backend\src\ECommerce.API\bin\Debug\net8.0\ECommerce.Infrastructure.dll' because it is being used by another process. The file is locked by: "Microsoft Visual Studio (16944), ECommerce.API (11944)" [c:\Users\User\Documents\Personal\Ecommarce\backend\src\ECommerce.API\ECommerce.API.csproj]
C:\Program Files\dotnet\sdk\10.0.103\Microsoft.Common.CurrentVersion.targets(5080,5): warning MSB3026: Could not copy "c:\Users\User\Documents\Personal\Ecommarce\backend\src\ECommerce.Infrastructure\bin\Debug\net8.0\ECommerce.Infrastructure.dll" to "bin\Debug\net8.0\ECommerce.Infrastructure.dll". Beginning retry 6 in 1000ms. The process cannot access the file 'c:\Users\User\Documents\Personal\Ecommarce\backend\src\ECommerce.API\bin\Debug\net8.0\ECommerce.Infrastructure.dll' because it is being used by another process. The file is locked by: "Microsoft Visual Studio (16944), ECommerce.API (11944)" [c:\Users\User\Documents\Personal\Ecommarce\backend\src\ECommerce.API\ECommerce.API.csproj]
C:\Program Files\dotnet\sdk\10.0.103\Microsoft.Common.CurrentVersion.targets(5080,5): warning MSB3026: Could not copy "c:\Users\User\Documents\Personal\Ecommarce\backend\src\ECommerce.Core\bin\Debug\net8.0\ECommerce.Core.dll" to "bin\Debug\net8.0\ECommerce.Core.dll". Beginning retry 6 in 1000ms. The process cannot access the file 'c:\Users\User\Documents\Personal\Ecommarce\backend\src\ECommerce.API\bin\Debug\net8.0\ECommerce.Core.dll' because it is being used by another process. The file is locked by: "Microsoft Visual Studio (16944), ECommerce.API (11944)" [c:\Users\User\Documents\Personal\Ecommarce\backend\src\ECommerce.API\ECommerce.API.csproj]
C:\Program Files\dotnet\sdk\10.0.103\Microsoft.Common.CurrentVersion.targets(5080,5): warning MSB3026: Could not copy "c:\Users\User\Documents\Personal\Ecommarce\backend\src\ECommerce.Core\bin\Debug\net8.0\ECommerce.Core.dll" to "bin\Debug\net8.0\ECommerce.Core.dll". Beginning retry 7 in 1000ms. The process cannot access the file 'c:\Users\User\Documents\Personal\Ecommarce\backend\src\ECommerce.API\bin\Debug\net8.0\ECommerce.Core.dll' because it is being used by another process. The file is locked by: "Microsoft Visual Studio (16944), ECommerce.API (11944)" [c:\Users\User\Documents\Personal\Ecommarce\backend\src\ECommerce.API\ECommerce.API.csproj]
C:\Program Files\dotnet\sdk\10.0.103\Microsoft.Common.CurrentVersion.targets(5080,5): warning MSB3026: Could not copy "c:\Users\User\Documents\Personal\Ecommarce\backend\src\ECommerce.Infrastructure\bin\Debug\net8.0\ECommerce.Infrastructure.dll" to "bin\Debug\net8.0\ECommerce.Infrastructure.dll". Beginning retry 7 in 1000ms. The process cannot access the file 'c:\Users\User\Documents\Personal\Ecommarce\backend\src\ECommerce.API\bin\Debug\net8.0\ECommerce.Infrastructure.dll' because it is being used by another process. The file is locked by: "Microsoft Visual Studio (16944), ECommerce.API (11944)" [c:\Users\User\Documents\Personal\Ecommarce\backend\src\ECommerce.API\ECommerce.API.csproj]
C:\Program Files\dotnet\sdk\10.0.103\Microsoft.Common.CurrentVersion.targets(5080,5): warning MSB3026: Could not copy "c:\Users\User\Documents\Personal\Ecommarce\backend\src\ECommerce.Core\bin\Debug\net8.0\ECommerce.Core.dll" to "bin\Debug\net8.0\ECommerce.Core.dll". Beginning retry 8 in 1000ms. The process cannot access the file 'c:\Users\User\Documents\Personal\Ecommarce\backend\src\ECommerce.API\bin\Debug\net8.0\ECommerce.Core.dll' because it is being used by another process. The file is locked by: "Microsoft Visual Studio (16944), ECommerce.API (11944)" [c:\Users\User\Documents\Personal\Ecommarce\backend\src\ECommerce.API\ECommerce.API.csproj]
C:\Program Files\dotnet\sdk\10.0.103\Microsoft.Common.CurrentVersion.targets(5080,5): warning MSB3026: Could not copy "c:\Users\User\Documents\Personal\Ecommarce\backend\src\ECommerce.Infrastructure\bin\Debug\net8.0\ECommerce.Infrastructure.dll" to "bin\Debug\net8.0\ECommerce.Infrastructure.dll". Beginning retry 8 in 1000ms. The process cannot access the file 'c:\Users\User\Documents\Personal\Ecommarce\backend\src\ECommerce.API\bin\Debug\net8.0\ECommerce.Infrastructure.dll' because it is being used by another process. The file is locked by: "Microsoft Visual Studio (16944), ECommerce.API (11944)" [c:\Users\User\Documents\Personal\Ecommarce\backend\src\ECommerce.API\ECommerce.API.csproj]
C:\Program Files\dotnet\sdk\10.0.103\Microsoft.Common.CurrentVersion.targets(5080,5): warning MSB3026: Could not copy "c:\Users\User\Documents\Personal\Ecommarce\backend\src\ECommerce.Infrastructure\bin\Debug\net8.0\ECommerce.Infrastructure.dll" to "bin\Debug\net8.0\ECommerce.Infrastructure.dll". Beginning retry 9 in 1000ms. The process cannot access the file 'c:\Users\User\Documents\Personal\Ecommarce\backend\src\ECommerce.API\bin\Debug\net8.0\ECommerce.Infrastructure.dll' because it is being used by another process. The file is locked by: "Microsoft Visual Studio (16944), ECommerce.API (11944)" [c:\Users\User\Documents\Personal\Ecommarce\backend\src\ECommerce.API\ECommerce.API.csproj]
C:\Program Files\dotnet\sdk\10.0.103\Microsoft.Common.CurrentVersion.targets(5080,5): warning MSB3026: Could not copy "c:\Users\User\Documents\Personal\Ecommarce\backend\src\ECommerce.Core\bin\Debug\net8.0\ECommerce.Core.dll" to "bin\Debug\net8.0\ECommerce.Core.dll". Beginning retry 9 in 1000ms. The process cannot access the file 'c:\Users\User\Documents\Personal\Ecommarce\backend\src\ECommerce.API\bin\Debug\net8.0\ECommerce.Core.dll' because it is being used by another process. The file is locked by: "Microsoft Visual Studio (16944), ECommerce.API (11944)" [c:\Users\User\Documents\Personal\Ecommarce\backend\src\ECommerce.API\ECommerce.API.csproj]
C:\Program Files\dotnet\sdk\10.0.103\Microsoft.Common.CurrentVersion.targets(5080,5): warning MSB3026: Could not copy "c:\Users\User\Documents\Personal\Ecommarce\backend\src\ECommerce.Infrastructure\bin\Debug\net8.0\ECommerce.Infrastructure.dll" to "bin\Debug\net8.0\ECommerce.Infrastructure.dll". Beginning retry 10 in 1000ms. The process cannot access the file 'c:\Users\User\Documents\Personal\Ecommarce\backend\src\ECommerce.API\bin\Debug\net8.0\ECommerce.Infrastructure.dll' because it is being used by another process. The file is locked by: "Microsoft Visual Studio (16944), ECommerce.API (11944)" [c:\Users\User\Documents\Personal\Ecommarce\backend\src\ECommerce.API\ECommerce.API.csproj]
C:\Program Files\dotnet\sdk\10.0.103\Microsoft.Common.CurrentVersion.targets(5080,5): warning MSB3026: Could not copy "c:\Users\User\Documents\Personal\Ecommarce\backend\src\ECommerce.Core\bin\Debug\net8.0\ECommerce.Core.dll" to "bin\Debug\net8.0\ECommerce.Core.dll". Beginning retry 10 in 1000ms. The process cannot access the file 'c:\Users\User\Documents\Personal\Ecommarce\backend\src\ECommerce.API\bin\Debug\net8.0\ECommerce.Core.dll' because it is being used by another process. The file is locked by: "Microsoft Visual Studio (16944), ECommerce.API (11944)" [c:\Users\User\Documents\Personal\Ecommarce\backend\src\ECommerce.API\ECommerce.API.csproj]
C:\Program Files\dotnet\sdk\10.0.103\Microsoft.Common.CurrentVersion.targets(5080,5): error MSB3027: Could not copy "c:\Users\User\Documents\Personal\Ecommarce\backend\src\ECommerce.Core\bin\Debug\net8.0\ECommerce.Core.dll" to "bin\Debug\net8.0\ECommerce.Core.dll". Exceeded retry count of 10. Failed. The file is locked by: "Microsoft Visual Studio (16944), ECommerce.API (11944)" [c:\Users\User\Documents\Personal\Ecommarce\backend\src\ECommerce.API\ECommerce.API.csproj]
C:\Program Files\dotnet\sdk\10.0.103\Microsoft.Common.CurrentVersion.targets(5080,5): error MSB3021: Unable to copy file "c:\Users\User\Documents\Personal\Ecommarce\backend\src\ECommerce.Core\bin\Debug\net8.0\ECommerce.Core.dll" to "bin\Debug\net8.0\ECommerce.Core.dll". The process cannot access the file 'c:\Users\User\Documents\Personal\Ecommarce\backend\src\ECommerce.API\bin\Debug\net8.0\ECommerce.Core.dll' because it is being used by another process. [c:\Users\User\Documents\Personal\Ecommarce\backend\src\ECommerce.API\ECommerce.API.csproj]
C:\Program Files\dotnet\sdk\10.0.103\Microsoft.Common.CurrentVersion.targets(5080,5): error MSB3027: Could not copy "c:\Users\User\Documents\Personal\Ecommarce\backend\src\ECommerce.Infrastructure\bin\Debug\net8.0\ECommerce.Infrastructure.dll" to "bin\Debug\net8.0\ECommerce.Infrastructure.dll". Exceeded retry count of 10. Failed. The file is locked by: "Microsoft Visual Studio (16944), ECommerce.API (11944)" [c:\Users\User\Documents\Personal\Ecommarce\backend\src\ECommerce.API\ECommerce.API.csproj]
C:\Program Files\dotnet\sdk\10.0.103\Microsoft.Common.CurrentVersion.targets(5080,5): error MSB3021: Unable to copy file "c:\Users\User\Documents\Personal\Ecommarce\backend\src\ECommerce.Infrastructure\bin\Debug\net8.0\ECommerce.Infrastructure.dll" to "bin\Debug\net8.0\ECommerce.Infrastructure.dll". The process cannot access the file 'c:\Users\User\Documents\Personal\Ecommarce\backend\src\ECommerce.API\bin\Debug\net8.0\ECommerce.Infrastructure.dll' because it is being used by another process. [c:\Users\User\Documents\Personal\Ecommarce\backend\src\ECommerce.API\ECommerce.API.csproj]

Build FAILED.

C:\Program Files\dotnet\sdk\10.0.103\Microsoft.Common.CurrentVersion.targets(5080,5): warning MSB3026: Could not copy "c:\Users\User\Documents\Personal\Ecommarce\backend\src\ECommerce.Infrastructure\bin\Debug\net8.0\ECommerce.Infrastructure.dll" to "bin\Debug\net8.0\ECommerce.Infrastructure.dll". Beginning retry 1 in 1000ms. The process cannot access the file 'c:\Users\User\Documents\Personal\Ecommarce\backend\src\ECommerce.API\bin\Debug\net8.0\ECommerce.Infrastructure.dll' because it is being used by another process. The file is locked by: "Microsoft Visual Studio (16944), ECommerce.API (11944)" [c:\Users\User\Documents\Personal\Ecommarce\backend\src\ECommerce.API\ECommerce.API.csproj]
C:\Program Files\dotnet\sdk\10.0.103\Microsoft.Common.CurrentVersion.targets(5080,5): warning MSB3026: Could not copy "c:\Users\User\Documents\Personal\Ecommarce\backend\src\ECommerce.Core\bin\Debug\net8.0\ECommerce.Core.dll" to "bin\Debug\net8.0\ECommerce.Core.dll". Beginning retry 1 in 1000ms. The process cannot access the file 'c:\Users\User\Documents\Personal\Ecommarce\backend\src\ECommerce.API\bin\Debug\net8.0\ECommerce.Core.dll' because it is being used by another process. The file is locked by: "Microsoft Visual Studio (16944), ECommerce.API (11944)" [c:\Users\User\Documents\Personal\Ecommarce\backend\src\ECommerce.API\ECommerce.API.csproj]
C:\Program Files\dotnet\sdk\10.0.103\Microsoft.Common.CurrentVersion.targets(5080,5): warning MSB3026: Could not copy "c:\Users\User\Documents\Personal\Ecommarce\backend\src\ECommerce.Infrastructure\bin\Debug\net8.0\ECommerce.Infrastructure.dll" to "bin\Debug\net8.0\ECommerce.Infrastructure.dll". Beginning retry 2 in 1000ms. The process cannot access the file 'c:\Users\User\Documents\Personal\Ecommarce\backend\src\ECommerce.API\bin\Debug\net8.0\ECommerce.Infrastructure.dll' because it is being used by another process. The file is locked by: "Microsoft Visual Studio (16944), ECommerce.API (11944)" [c:\Users\User\Documents\Personal\Ecommarce\backend\src\ECommerce.API\ECommerce.API.csproj]
C:\Program Files\dotnet\sdk\10.0.103\Microsoft.Common.CurrentVersion.targets(5080,5): warning MSB3026: Could not copy "c:\Users\User\Documents\Personal\Ecommarce\backend\src\ECommerce.Core\bin\Debug\net8.0\ECommerce.Core.dll" to "bin\Debug\net8.0\ECommerce.Core.dll". Beginning retry 2 in 1000ms. The process cannot access the file 'c:\Users\User\Documents\Personal\Ecommarce\backend\src\ECommerce.API\bin\Debug\net8.0\ECommerce.Core.dll' because it is being used by another process. The file is locked by: "Microsoft Visual Studio (16944), ECommerce.API (11944)" [c:\Users\User\Documents\Personal\Ecommarce\backend\src\ECommerce.API\ECommerce.API.csproj]
C:\Program Files\dotnet\sdk\10.0.103\Microsoft.Common.CurrentVersion.targets(5080,5): warning MSB3026: Could not copy "c:\Users\User\Documents\Personal\Ecommarce\backend\src\ECommerce.Core\bin\Debug\net8.0\ECommerce.Core.dll" to "bin\Debug\net8.0\ECommerce.Core.dll". Beginning retry 3 in 1000ms. The process cannot access the file 'c:\Users\User\Documents\Personal\Ecommarce\backend\src\ECommerce.API\bin\Debug\net8.0\ECommerce.Core.dll' because it is being used by another process. The file is locked by: "Microsoft Visual Studio (16944), ECommerce.API (11944)" [c:\Users\User\Documents\Personal\Ecommarce\backend\src\ECommerce.API\ECommerce.API.csproj]
C:\Program Files\dotnet\sdk\10.0.103\Microsoft.Common.CurrentVersion.targets(5080,5): warning MSB3026: Could not copy "c:\Users\User\Documents\Personal\Ecommarce\backend\src\ECommerce.Infrastructure\bin\Debug\net8.0\ECommerce.Infrastructure.dll" to "bin\Debug\net8.0\ECommerce.Infrastructure.dll". Beginning retry 3 in 1000ms. The process cannot access the file 'c:\Users\User\Documents\Personal\Ecommarce\backend\src\ECommerce.API\bin\Debug\net8.0\ECommerce.Infrastructure.dll' because it is being used by another process. The file is locked by: "Microsoft Visual Studio (16944), ECommerce.API (11944)" [c:\Users\User\Documents\Personal\Ecommarce\backend\src\ECommerce.API\ECommerce.API.csproj]
C:\Program Files\dotnet\sdk\10.0.103\Microsoft.Common.CurrentVersion.targets(5080,5): warning MSB3026: Could not copy "c:\Users\User\Documents\Personal\Ecommarce\backend\src\ECommerce.Infrastructure\bin\Debug\net8.0\ECommerce.Infrastructure.dll" to "bin\Debug\net8.0\ECommerce.Infrastructure.dll". Beginning retry 4 in 1000ms. The process cannot access the file 'c:\Users\User\Documents\Personal\Ecommarce\backend\src\ECommerce.API\bin\Debug\net8.0\ECommerce.Infrastructure.dll' because it is being used by another process. The file is locked by: "Microsoft Visual Studio (16944), ECommerce.API (11944)" [c:\Users\User\Documents\Personal\Ecommarce\backend\src\ECommerce.API\ECommerce.API.csproj]
C:\Program Files\dotnet\sdk\10.0.103\Microsoft.Common.CurrentVersion.targets(5080,5): warning MSB3026: Could not copy "c:\Users\User\Documents\Personal\Ecommarce\backend\src\ECommerce.Core\bin\Debug\net8.0\ECommerce.Core.dll" to "bin\Debug\net8.0\ECommerce.Core.dll". Beginning retry 4 in 1000ms. The process cannot access the file 'c:\Users\User\Documents\Personal\Ecommarce\backend\src\ECommerce.API\bin\Debug\net8.0\ECommerce.Core.dll' because it is being used by another process. The file is locked by: "Microsoft Visual Studio (16944), ECommerce.API (11944)" [c:\Users\User\Documents\Personal\Ecommarce\backend\src\ECommerce.API\ECommerce.API.csproj]
C:\Program Files\dotnet\sdk\10.0.103\Microsoft.Common.CurrentVersion.targets(5080,5): warning MSB3026: Could not copy "c:\Users\User\Documents\Personal\Ecommarce\backend\src\ECommerce.Core\bin\Debug\net8.0\ECommerce.Core.dll" to "bin\Debug\net8.0\ECommerce.Core.dll". Beginning retry 5 in 1000ms. The process cannot access the file 'c:\Users\User\Documents\Personal\Ecommarce\backend\src\ECommerce.API\bin\Debug\net8.0\ECommerce.Core.dll' because it is being used by another process. The file is locked by: "Microsoft Visual Studio (16944), ECommerce.API (11944)" [c:\Users\User\Documents\Personal\Ecommarce\backend\src\ECommerce.API\ECommerce.API.csproj]
C:\Program Files\dotnet\sdk\10.0.103\Microsoft.Common.CurrentVersion.targets(5080,5): warning MSB3026: Could not copy "c:\Users\User\Documents\Personal\Ecommarce\backend\src\ECommerce.Infrastructure\bin\Debug\net8.0\ECommerce.Infrastructure.dll" to "bin\Debug\net8.0\ECommerce.Infrastructure.dll". Beginning retry 5 in 1000ms. The process cannot access the file 'c:\Users\User\Documents\Personal\Ecommarce\backend\src\ECommerce.API\bin\Debug\net8.0\ECommerce.Infrastructure.dll' because it is being used by another process. The file is locked by: "Microsoft Visual Studio (16944), ECommerce.API (11944)" [c:\Users\User\Documents\Personal\Ecommarce\backend\src\ECommerce.API\ECommerce.API.csproj]
C:\Program Files\dotnet\sdk\10.0.103\Microsoft.Common.CurrentVersion.targets(5080,5): warning MSB3026: Could not copy "c:\Users\User\Documents\Personal\Ecommarce\backend\src\ECommerce.Infrastructure\bin\Debug\net8.0\ECommerce.Infrastructure.dll" to "bin\Debug\net8.0\ECommerce.Infrastructure.dll". Beginning retry 6 in 1000ms. The process cannot access the file 'c:\Users\User\Documents\Personal\Ecommarce\backend\src\ECommerce.API\bin\Debug\net8.0\ECommerce.Infrastructure.dll' because it is being used by another process. The file is locked by: "Microsoft Visual Studio (16944), ECommerce.API (11944)" [c:\Users\User\Documents\Personal\Ecommarce\backend\src\ECommerce.API\ECommerce.API.csproj]
C:\Program Files\dotnet\sdk\10.0.103\Microsoft.Common.CurrentVersion.targets(5080,5): warning MSB3026: Could not copy "c:\Users\User\Documents\Personal\Ecommarce\backend\src\ECommerce.Core\bin\Debug\net8.0\ECommerce.Core.dll" to "bin\Debug\net8.0\ECommerce.Core.dll". Beginning retry 6 in 1000ms. The process cannot access the file 'c:\Users\User\Documents\Personal\Ecommarce\backend\src\ECommerce.API\bin\Debug\net8.0\ECommerce.Core.dll' because it is being used by another process. The file is locked by: "Microsoft Visual Studio (16944), ECommerce.API (11944)" [c:\Users\User\Documents\Personal\Ecommarce\backend\src\ECommerce.API\ECommerce.API.csproj]
C:\Program Files\dotnet\sdk\10.0.103\Microsoft.Common.CurrentVersion.targets(5080,5): warning MSB3026: Could not copy "c:\Users\User\Documents\Personal\Ecommarce\backend\src\ECommerce.Core\bin\Debug\net8.0\ECommerce.Core.dll" to "bin\Debug\net8.0\ECommerce.Core.dll". Beginning retry 7 in 1000ms. The process cannot access the file 'c:\Users\User\Documents\Personal\Ecommarce\backend\src\ECommerce.API\bin\Debug\net8.0\ECommerce.Core.dll' because it is being used by another process. The file is locked by: "Microsoft Visual Studio (16944), ECommerce.API (11944)" [c:\Users\User\Documents\Personal\Ecommarce\backend\src\ECommerce.API\ECommerce.API.csproj]
C:\Program Files\dotnet\sdk\10.0.103\Microsoft.Common.CurrentVersion.targets(5080,5): warning MSB3026: Could not copy "c:\Users\User\Documents\Personal\Ecommarce\backend\src\ECommerce.Infrastructure\bin\Debug\net8.0\ECommerce.Infrastructure.dll" to "bin\Debug\net8.0\ECommerce.Infrastructure.dll". Beginning retry 7 in 1000ms. The process cannot access the file 'c:\Users\User\Documents\Personal\Ecommarce\backend\src\ECommerce.API\bin\Debug\net8.0\ECommerce.Infrastructure.dll' because it is being used by another process. The file is locked by: "Microsoft Visual Studio (16944), ECommerce.API (11944)" [c:\Users\User\Documents\Personal\Ecommarce\backend\src\ECommerce.API\ECommerce.API.csproj]
C:\Program Files\dotnet\sdk\10.0.103\Microsoft.Common.CurrentVersion.targets(5080,5): warning MSB3026: Could not copy "c:\Users\User\Documents\Personal\Ecommarce\backend\src\ECommerce.Core\bin\Debug\net8.0\ECommerce.Core.dll" to "bin\Debug\net8.0\ECommerce.Core.dll". Beginning retry 8 in 1000ms. The process cannot access the file 'c:\Users\User\Documents\Personal\Ecommarce\backend\src\ECommerce.API\bin\Debug\net8.0\ECommerce.Core.dll' because it is being used by another process. The file is locked by: "Microsoft Visual Studio (16944), ECommerce.API (11944)" [c:\Users\User\Documents\Personal\Ecommarce\backend\src\ECommerce.API\ECommerce.API.csproj]
C:\Program Files\dotnet\sdk\10.0.103\Microsoft.Common.CurrentVersion.targets(5080,5): warning MSB3026: Could not copy "c:\Users\User\Documents\Personal\Ecommarce\backend\src\ECommerce.Infrastructure\bin\Debug\net8.0\ECommerce.Infrastructure.dll" to "bin\Debug\net8.0\ECommerce.Infrastructure.dll". Beginning retry 8 in 1000ms. The process cannot access the file 'c:\Users\User\Documents\Personal\Ecommarce\backend\src\ECommerce.API\bin\Debug\net8.0\ECommerce.Infrastructure.dll' because it is being used by another process. The file is locked by: "Microsoft Visual Studio (16944), ECommerce.API (11944)" [c:\Users\User\Documents\Personal\Ecommarce\backend\src\ECommerce.API\ECommerce.API.csproj]
C:\Program Files\dotnet\sdk\10.0.103\Microsoft.Common.CurrentVersion.targets(5080,5): warning MSB3026: Could not copy "c:\Users\User\Documents\Personal\Ecommarce\backend\src\ECommerce.Infrastructure\bin\Debug\net8.0\ECommerce.Infrastructure.dll" to "bin\Debug\net8.0\ECommerce.Infrastructure.dll". Beginning retry 9 in 1000ms. The process cannot access the file 'c:\Users\User\Documents\Personal\Ecommarce\backend\src\ECommerce.API\bin\Debug\net8.0\ECommerce.Infrastructure.dll' because it is being used by another process. The file is locked by: "Microsoft Visual Studio (16944), ECommerce.API (11944)" [c:\Users\User\Documents\Personal\Ecommarce\backend\src\ECommerce.API\ECommerce.API.csproj]
C:\Program Files\dotnet\sdk\10.0.103\Microsoft.Common.CurrentVersion.targets(5080,5): warning MSB3026: Could not copy "c:\Users\User\Documents\Personal\Ecommarce\backend\src\ECommerce.Core\bin\Debug\net8.0\ECommerce.Core.dll" to "bin\Debug\net8.0\ECommerce.Core.dll". Beginning retry 9 in 1000ms. The process cannot access the file 'c:\Users\User\Documents\Personal\Ecommarce\backend\src\ECommerce.API\bin\Debug\net8.0\ECommerce.Core.dll' because it is being used by another process. The file is locked by: "Microsoft Visual Studio (16944), ECommerce.API (11944)" [c:\Users\User\Documents\Personal\Ecommarce\backend\src\ECommerce.API\ECommerce.API.csproj]
C:\Program Files\dotnet\sdk\10.0.103\Microsoft.Common.CurrentVersion.targets(5080,5): warning MSB3026: Could not copy "c:\Users\User\Documents\Personal\Ecommarce\backend\src\ECommerce.Infrastructure\bin\Debug\net8.0\ECommerce.Infrastructure.dll" to "bin\Debug\net8.0\ECommerce.Infrastructure.dll". Beginning retry 10 in 1000ms. The process cannot access the file 'c:\Users\User\Documents\Personal\Ecommarce\backend\src\ECommerce.API\bin\Debug\net8.0\ECommerce.Infrastructure.dll' because it is being used by another process. The file is locked by: "Microsoft Visual Studio (16944), ECommerce.API (11944)" [c:\Users\User\Documents\Personal\Ecommarce\backend\src\ECommerce.API\ECommerce.API.csproj]
C:\Program Files\dotnet\sdk\10.0.103\Microsoft.Common.CurrentVersion.targets(5080,5): warning MSB3026: Could not copy "c:\Users\User\Documents\Personal\Ecommarce\backend\src\ECommerce.Core\bin\Debug\net8.0\ECommerce.Core.dll" to "bin\Debug\net8.0\ECommerce.Core.dll". Beginning retry 10 in 1000ms. The process cannot access the file 'c:\Users\User\Documents\Personal\Ecommarce\backend\src\ECommerce.API\bin\Debug\net8.0\ECommerce.Core.dll' because it is being used by another process. The file is locked by: "Microsoft Visual Studio (16944), ECommerce.API (11944)" [c:\Users\User\Documents\Personal\Ecommarce\backend\src\ECommerce.API\ECommerce.API.csproj]
C:\Program Files\dotnet\sdk\10.0.103\Microsoft.Common.CurrentVersion.targets(5080,5): error MSB3027: Could not copy "c:\Users\User\Documents\Personal\Ecommarce\backend\src\ECommerce.Core\bin\Debug\net8.0\ECommerce.Core.dll" to "bin\Debug\net8.0\ECommerce.Core.dll". Exceeded retry count of 10. Failed. The file is locked by: "Microsoft Visual Studio (16944), ECommerce.API (11944)" [c:\Users\User\Documents\Personal\Ecommarce\backend\src\ECommerce.API\ECommerce.API.csproj]
C:\Program Files\dotnet\sdk\10.0.103\Microsoft.Common.CurrentVersion.targets(5080,5): error MSB3021: Unable to copy file "c:\Users\User\Documents\Personal\Ecommarce\backend\src\ECommerce.Core\bin\Debug\net8.0\ECommerce.Core.dll" to "bin\Debug\net8.0\ECommerce.Core.dll". The process cannot access the file 'c:\Users\User\Documents\Personal\Ecommarce\backend\src\ECommerce.API\bin\Debug\net8.0\ECommerce.Core.dll' because it is being used by another process. [c:\Users\User\Documents\Personal\Ecommarce\backend\src\ECommerce.API\ECommerce.API.csproj]
C:\Program Files\dotnet\sdk\10.0.103\Microsoft.Common.CurrentVersion.targets(5080,5): error MSB3027: Could not copy "c:\Users\User\Documents\Personal\Ecommarce\backend\src\ECommerce.Infrastructure\bin\Debug\net8.0\ECommerce.Infrastructure.dll" to "bin\Debug\net8.0\ECommerce.Infrastructure.dll". Exceeded retry count of 10. Failed. The file is locked by: "Microsoft Visual Studio (16944), ECommerce.API (11944)" [c:\Users\User\Documents\Personal\Ecommarce\backend\src\ECommerce.API\ECommerce.API.csproj]
C:\Program Files\dotnet\sdk\10.0.103\Microsoft.Common.CurrentVersion.targets(5080,5): error MSB3021: Unable to copy file "c:\Users\User\Documents\Personal\Ecommarce\backend\src\ECommerce.Infrastructure\bin\Debug\net8.0\ECommerce.Infrastructure.dll" to "bin\Debug\net8.0\ECommerce.Infrastructure.dll". The process cannot access the file 'c:\Users\User\Documents\Personal\Ecommarce\backend\src\ECommerce.API\bin\Debug\net8.0\ECommerce.Infrastructure.dll' because it is being used by another process. [c:\Users\User\Documents\Personal\Ecommarce\backend\src\ECommerce.API\ECommerce.API.csproj]
    20 Warning(s)
    4 Error(s)

Time Elapsed 00:00:12.40
